[scoop-home.netlify.app/index.html]
[backblue.gif]
[fade.gif]
[index.html]
[scoop-home.netlify.app/assets/css/style.css]
[use.fontawesome.com/releases/v5.6.3/css/all.css]
[scoop-home.netlify.app/assets/bootstrap/css/bootstrap.min.css]
[scoop-home.netlify.app/assets/js/jquery-1.12.4.min.js]
[scoop-home.netlify.app/assets/bootstrap/js/bootstrap.min.js]
[scoop-home.netlify.app/assets/js/sweetalert2.all.min.js]
[scoop-home.netlify.app/assets/images/call-icon.png]
[scoop-home.netlify.app/assets/images/Header-Logo.png]
[scoop-home.netlify.app/assets/images/google-business-show-hover.png]
[scoop-home.netlify.app/assets/images/google-partner-show-on-hover.png]
[scoop-home.netlify.app/assets/images/facebook-show-on-hover.png]
[scoop-home.netlify.app/assets/images/Layer_2@2x.png]
[scoop-home.netlify.app/assets/images/google-analytics-show-on-hover.png]
[scoop-home.netlify.app/assets/images/Group 21@2x.png]
[scoop-home.netlify.app/assets/images/Group 24@2x.png]
[scoop-home.netlify.app/assets/images/Group 28@2x.png]
[scoop-home.netlify.app/assets/images/Group 31@2x.png]
[scoop-home.netlify.app/assets/images/Group 153@2x.png]
[scoop-home.netlify.app/assets/images/Back to back-bro@2x.png]
[scoop-home.netlify.app/assets/images/Design team-rafiki@2x.png]
[scoop-home.netlify.app/assets/images/SEO-rafiki@2x.png]
[scoop-home.netlify.app/assets/images/Google sitemap-pana@2x.png]
[scoop-home.netlify.app/assets/images/Online ads-rafiki@2x.png]
[scoop-home.netlify.app/assets/images/Mobile life-rafiki@2x.png]
[scoop-home.netlify.app/assets/images/Group 22@2x.png]
[scoop-home.netlify.app/assets/images/Group 212@2x.png]
[scoop-home.netlify.app/assets/images/Group 213@2x.png]
[scoop-home.netlify.app/assets/images/Group 214@2x.png]
[scoop-home.netlify.app/assets/images/Footer-Logo.png]
[scoop-home.netlify.app/assets/images/email-icon.png]
[scoop-home.netlify.app/assets/images/location-icon.png]
[scoop-home.netlify.app/index.html]
[scoop-home.netlify.app/assets/js/app.js]
[scoop-home.netlify.app/assets/fonts/Euclid-Circular/Euclid-Circular-A-Light.ttf]
[scoop-home.netlify.app/assets/fonts/Euclid-Circular/Euclid-Circular-A-Regular.ttf]
[scoop-home.netlify.app/assets/fonts/Euclid-Circular/Euclid-Circular-A-Medium.ttf]
[scoop-home.netlify.app/assets/fonts/Euclid-Circular/Euclid-Circular-A-SemiBold.ttf]
[scoop-home.netlify.app/assets/fonts/Euclid-Circular/Euclid-Circular-A-Bold.ttf]
[scoop-home.netlify.app/assets/images/hero-banner.png]
[scoop-home.netlify.app/assets/css/style.css]
[scoop-home.netlify.app/assets/bootstrap/fonts/glyphicons-halflings-regular.eot]
[scoop-home.netlify.app/assets/bootstrap/fonts/glyphicons-halflings-regular-1.eot]
[scoop-home.netlify.app/assets/bootstrap/fonts/glyphicons-halflings-regular.woff2]
[scoop-home.netlify.app/assets/bootstrap/fonts/glyphicons-halflings-regular.woff]
[scoop-home.netlify.app/assets/bootstrap/fonts/glyphicons-halflings-regular.ttf]
[scoop-home.netlify.app/assets/bootstrap/css/bootstrap.min.css]
[use.fontawesome.com/releases/v5.6.3/css/all.css]
[scoop-home.netlify.app/assets/bootstrap/fonts/glyphicons-halflings-regular.svg]
[scoop-home.netlify.app/assets/bootstrap/fonts/glyphicons-halflings-regular.svg]
